Testing transpose
Before transpose
5.000000 7.000000 9.000000 10.000000
2.000000 3.000000 3.000000 8.000000
8.000000 10.000000 2.000000 3.000000
3.000000 3.000000 4.000000 8.000000
Comparing matrix After transpose:
5.000000 2.000000 8.000000 3.000000
7.000000 3.000000 10.000000 3.000000
9.000000 3.000000 2.000000 4.000000
10.000000 8.000000 3.000000 8.000000
To matrix Expected matrix:
5.000000 2.000000 8.000000 3.000000
7.000000 3.000000 10.000000 3.000000
9.000000 3.000000 2.000000 4.000000
10.000000 8.000000 3.000000 8.000000
Matrices match!

Multiplying matrix:
5.000000 7.000000 9.000000 10.000000
2.000000 3.000000 3.000000 8.000000
8.000000 10.000000 2.000000 3.000000
3.000000 3.000000 4.000000 8.000000
With matrix:
3.000000 10.000000 12.000000 18.000000
12.000000 1.000000 4.000000 9.000000
9.000000 10.000000 12.000000 2.000000
3.000000 12.000000 4.000000 10.000000
Comparing matrix multiply result:
210.000000 267.000000 236.000000 271.000000
93.000000 149.000000 104.000000 149.000000
171.000000 146.000000 172.000000 268.000000
105.000000 169.000000 128.000000 169.000000
To matrix expectation:
210.000000 267.000000 236.000000 271.000000
93.000000 149.000000 104.000000 149.000000
171.000000 146.000000 172.000000 268.000000
105.000000 169.000000 128.000000 169.000000
Matrices match!

Multiplying matrix:
5.000000 7.000000 9.000000 10.000000
2.000000 3.000000 3.000000 8.000000
8.000000 10.000000 2.000000 3.000000
3.000000 3.000000 4.000000 8.000000
With column vector
2.000000 3.000000 5.000000 7.000000
Result:
2.000000 3.000000 5.000000 7.000000
