DEBUG: src/vec/test/mat4.test.c: pre transpose
DEBUG: src/vec/test/mat4.test.c: post transpose
DEBUG: src/vec/test/mat4.test.c: expect
